Component: ARM Compiler 5.05 update 1 (build 106) Tool: armlink [4d0efa]

==============================================================================

Section Cross References

    beep.o(.text) refers to stm32f4xx_gpio.o(.text) for GPIO_Init
    beep.o(.text) refers to delay.o(.text) for Delay_ms
    can1.o(.text) refers to stm32f4xx_gpio.o(.text) for GPIO_PinAFConfig
    can1.o(.text) refers to stm32f4xx_can.o(.text) for CAN_Init
    can1.o(.text) refers to misc.o(.text) for NVIC_Init
    can1.o(.text) refers to canctrlist.o(.text) for QueueFull
    can1.o(.text) refers to memcpya.o(.text) for __aeabi_memcpy
    can1.o(.text) refers to canctrlist.o(.bss) for Can1_Sendqueue
    can1.o(.text) refers to param.o(.bss) for flag
    can1.o(.text) refers to motor.o(.bss) for motor
    can2.o(.text) refers to stm32f4xx_rcc.o(.text) for RCC_APB1PeriphClockCmd
    can2.o(.text) refers to stm32f4xx_gpio.o(.text) for GPIO_PinAFConfig
    can2.o(.text) refers to stm32f4xx_can.o(.text) for CAN_Init
    can2.o(.text) refers to misc.o(.text) for NVIC_Init
    can2.o(.text) refers to param.o(.text) for ChangeData
    can2.o(.text) refers to motor.o(.bss) for motor
    can2.o(.text) refers to os_time.o(.text) for OSTimeGet
    can2.o(.text) refers to beep.o(.text) for Beep_Show
    can2.o(.text) refers to canctrlist.o(.bss) for Can2_MesgSentList
    can2.o(.text) refers to elmo.o(.bss) for ElmoMotor
    can2.o(.text) refers to param.o(.data) for ErrorList
    can2.o(.text) refers to can2.o(.bss) for TxMessage
    can2.o(.text) refers to param.o(.bss) for flag
    led8.o(.text) refers to stm32f4xx_gpio.o(.text) for GPIO_Init
    led8.o(.text) refers to led8.o(.constdata) for LED_table
    led.o(.text) refers to sys.o(.text) for GPIO_Set
    led.o(.text) refers to stm32f4xx_gpio.o(.text) for GPIO_SetBits
    led.o(.text) refers to os_time.o(.text) for OSTimeDly
    main.o(.text) refers to key.o(.text) for simulate_key
    main.o(.text) refers to led.o(.text) for Led_Show
    main.o(.text) refers to stm32f4xx_gpio.o(.text) for GPIO_ResetBits
    main.o(.text) refers to led8.o(.text) for Led8DisData
    main.o(.text) refers to os_time.o(.text) for OSTimeDly
    main.o(.text) refers to usart2.o(.text) for UsartLCDReceive
    main.o(.text) refers to elmo.o(.text) for PR_
    main.o(.text) refers to can2.o(.text) for valveCtrl
    main.o(.text) refers to param.o(.text) for insertError
    main.o(.text) refers to canctrlist.o(.text) for Can_DeQueue
    main.o(.text) refers to os_cpu_c.o(.text) for OS_CPU_SysTickInit
    main.o(.text) refers to os_cpu_a.o(.text) for OS_CPU_SR_Save
    main.o(.text) refers to os_sem.o(.text) for OSSemCreate
    main.o(.text) refers to os_task.o(.text) for OSTaskCreate
    main.o(.text) refers to beep.o(.text) for Beep_Show
    main.o(.text) refers to param.o(.data) for ErrorList
    main.o(.text) refers to main.o(.data) for elmomove
    main.o(.text) refers to elmo.o(.bss) for ElmoMotor
    main.o(.text) refers to canctrlist.o(.bss) for Can2_Sendqueue
    main.o(.text) refers to param.o(.bss) for flag
    main.o(.text) refers to main.o(.bss) for CAN_TASK_STK
    main.o(.text) refers to system_stm32f4xx.o(.text) for SystemInit
    main.o(.text) refers to stm32f4xx_rcc.o(.text) for RCC_AHB1PeriphClockCmd
    main.o(.text) refers to can1.o(.text) for CAN1_Init
    main.o(.text) refers to usart1.o(.text) for Usart1_Init
    main.o(.text) refers to tim2.o(.text) for TIM2_Init
    main.o(.text) refers to tim3.o(.text) for TIM3_Init
    main.o(.text) refers to stm32f4xx_tim.o(.text) for TIM_Cmd
    main.o(.text) refers to os_core.o(.text) for OSInit
    param.o(.text) refers to malloc.o(i.malloc) for malloc
    param.o(.text) refers to motor.o(.text) for DJ_motor_Init
    param.o(.text) refers to vesc.o(.text) for VESCInit
    param.o(.text) refers to malloc.o(i.free) for free
    param.o(.text) refers to param.o(.bss) for flag
    param.o(.text) refers to param.o(.data) for ErrorList
    stm32f4xx_it.o(.text) refers to delay.o(.text) for Delay_ms
    stm32f4xx_it.o(.text) refers to led8.o(.text) for Led8DisData
    tim3.o(.text) refers to stm32f4xx_tim.o(.text) for TIM_TimeBaseInit
    tim3.o(.text) refers to misc.o(.text) for NVIC_Init
    usart1.o(.text) refers to stm32f4xx_gpio.o(.text) for GPIO_PinAFConfig
    usart1.o(.text) refers to stm32f4xx_usart.o(.text) for USART_Init
    usart1.o(.text) refers to misc.o(.text) for NVIC_Init
    usart1.o(.text) refers to stm32f4xx_dma.o(.text) for DMA_DeInit
    usart1.o(.text) refers to memcpya.o(.text) for __aeabi_memcpy
    usart1.o(.text) refers to usart1.o(.bss) for usart1_tx
    usart1.o(.text) refers to param.o(.bss) for flag
    usart2.o(.text) refers to stm32f4xx_gpio.o(.text) for GPIO_PinAFConfig
    usart2.o(.text) refers to stm32f4xx_usart.o(.text) for USART_Init
    usart2.o(.text) refers to misc.o(.text) for NVIC_Init
    usart2.o(.text) refers to stm32f4xx_dma.o(.text) for DMA_DeInit
[...]
    .text                                    0x0800cee8   Section        0  ctype_c.o(.text)
    .text                                    0x0800cf10   Section        0  dfltul.o(.text)
    .text                                    0x0800cf28   Section        0  d2f.o(.text)
    .text                                    0x0800cf60   Section        0  fepilogue.o(.text)
    i.__0sprintf$3                           0x0800cfd0   Section        0  printf3.o(i.__0sprintf$3)
    i.__hardfp_atof                          0x0800cff8   Section        0  atof.o(i.__hardfp_atof)
    i.__read_errno                           0x0800d030   Section        0  errno.o(i.__read_errno)
    i.__scatterload_copy                     0x0800d03c   Section       14  handlers.o(i.__scatterload_copy)
    i.__scatterload_null                     0x0800d04a   Section        2  handlers.o(i.__scatterload_null)
    i.__scatterload_zeroinit                 0x0800d04c   Section       14  handlers.o(i.__scatterload_zeroinit)
    i.__set_errno                            0x0800d05c   Section        0  errno.o(i.__set_errno)
    i._is_digit                              0x0800d068   Section        0  scanf_fp.o(i._is_digit)
    i._printf_core                           0x0800d078   Section        0  printf3.o(i._printf_core)
    _printf_core                             0x0800d079   Thumb Code   436  printf3.o(i._printf_core)
    i._sputc                                 0x0800d230   Section        0  printf3.o(i._sputc)
    _sputc                                   0x0800d231   Thumb Code    10  printf3.o(i._sputc)
    i.free                                   0x0800d23c   Section        0  malloc.o(i.free)
    i.malloc                                 0x0800d28c   Section        0  malloc.o(i.malloc)
    .constdata                               0x0800d2f8   Section       18  led8.o(.constdata)
    .constdata                               0x0800d30a   Section      256  os_core.o(.constdata)
    .constdata                               0x0800d40a   Section       64  ctype_c.o(.constdata)
    .data                                    0x20000000   Section       16  main.o(.data)
    i                                        0x20000008   Data           4  main.o(.data)
    i                                        0x2000000c   Data           4  main.o(.data)
    .data                                    0x20000010   Section       20  param.o(.data)
    .data                                    0x20000024   Section        3  usart2.o(.data)
    .data                                    0x20000028   Section        8  key.o(.data)
    .data                                    0x20000030   Section       12  canctrlist.o(.data)
    .data                                    0x2000003c   Section        5  usart3.o(.data)
    .data                                    0x20000041   Section       16  stm32f4xx_rcc.o(.data)
    APBAHBPrescTable                         0x20000041   Data          16  stm32f4xx_rcc.o(.data)
    .data                                    0x20000054   Section       20  system_stm32f4xx.o(.data)
    .data                                    0x20000068   Section       76  os_core.o(.data)
    .data                                    0x200000b4   Section        4  os_cpu_c.o(.data)
    .data                                    0x200000b8   Section        4  mvars.o(.data)
    .data                                    0x200000bc   Section        4  mvars.o(.data)
    .data                                    0x200000c0   Section        4  errno.o(.data)
    _errno                                   0x200000c0   Data           4  errno.o(.data)
    .bss                                     0x200000c4   Section       20  can2.o(.bss)
    TxMessage                                0x200000c4   Data          20  can2.o(.bss)
    .bss                                     0x200000d8   Section    11776  main.o(.bss)
    .bss                                     0x20002ed8   Section       31  param.o(.bss)
    .bss                                     0x20002ef7   Section       32  usart1.o(.bss)
    .bss                                     0x20002f17   Section      328  usart2.o(.bss)
    .bss                                     0x20003060   Section     1712  motor.o(.bss)
    .bss                                     0x20003710   Section      540  elmo.o(.bss)
    .bss                                     0x2000392c   Section     7516  canctrlist.o(.bss)
    .bss                                     0x20005688   Section       10  usart3.o(.bss)
    .bss                                     0x20005694   Section      400  vesc.o(.bss)
    .bss                                     0x20005824   Section     7084  os_core.o(.bss)
    HEAP                                     0x200073d0   Section    10240  startup_stm32f4xx.o(HEAP)
    STACK                                    0x20009bd0   Section     1024  startup_stm32f4xx.o(STACK)

    Global Symbols

    Symbol Name                              Value     Ov Type        Size  Object(Section)

    BuildAttributes$$THM_ISAv4$E$P$D$K$B$S$7EM$VFPi3$EXTD16$VFPS$VFMA$PE$A:L22UL41UL21$X:L11$S22US41US21$IEEE1$IW$USESV6$~STKCKD$USESV7$~SHL$OTIME$ROPI$IEEEJ$EBA8$MICROLIB$REQ8$PRES8$EABIv2 0x00000000   Number         0  anon$$obj.o ABSOLUTE
    __ARM_use_no_argv                        0x00000000   Number         0  main.o ABSOLUTE
    _printf_a                                0x00000000   Number         0  stubs.o ABSOLUTE
    _printf_c                                0x00000000   Number         0  stubs.o ABSOLUTE
    _printf_charcount                        0x00000000   Number         0  stubs.o ABSOLUTE
    _printf_d                                0x00000000   Number         0  stubs.o ABSOLUTE
    _printf_e                                0x00000000   Number         0  stubs.o ABSOLUTE
    _printf_f                                0x00000000   Number         0  stubs.o ABSOLUTE
    _printf_flags                            0x00000000   Number         0  stubs.o ABSOLUTE
    _printf_fp_dec                           0x00000000   Number         0  stubs.o ABSOLUTE
    _printf_fp_hex                           0x00000000   Number         0  stubs.o ABSOLUTE
    _printf_g                                0x00000000   Number         0  stubs.o ABSOLUTE
    _printf_i                                0x00000000   Number         0  stubs.o ABSOLUTE
    _printf_int_dec                          0x00000000   Number         0  stubs.o ABSOLUTE
    _printf_l                                0x00000000   Number         0  stubs.o ABSOLUTE
    _printf_lc                               0x00000000   Number         0  stubs.o ABSOLUTE
    _printf_ll                               0x00000000   Number         0  stubs.o ABSOLUTE
    _printf_lld                              0x00000000   Number         0  stubs.o ABSOLUTE
    _printf_lli                              0x00000000   Number         0  stubs.o ABSOLUTE
    _printf_llo                              0x00000000   Number         0  stubs.o ABSOLUTE
    _printf_llu                              0x00000000   Number         0  stubs.o ABSOLUTE
    _printf_llx                              0x00000000   Number         0  stubs.o ABSOLUTE
    _printf_longlong_dec                     0x00000000   Number         0  stubs.o ABSOLUTE
    _printf_longlong_hex                     0x00000000   Number         0  stubs.o ABSOLUTE
    _printf_longlong_oct                     0x00000000   Number         0  stubs.o ABSOLUTE
    _printf_ls                               0x00000000   Number         0  stubs.o ABSOLUTE
    _printf_mbtowc                           0x00000000   Number         0  stubs.o ABSOLUTE
    _printf_n                                0x00000000   Number         0  stubs.o ABSOLUTE
    _printf_o                                0x00000000   Number         0  stubs.o ABSOLUTE
    _printf_p                                0x00000000   Number         0  stubs.o ABSOLUTE
    _printf_percent                          0x00000000   Number         0  stubs.o ABSOLUTE
    _printf_pre_padding                      0x00000000   Number         0  stubs.o ABSOLUTE
    _printf_return_value                     0x00000000   Number         0  stubs.o ABSOLUTE
    _printf_s                                0x00000000   Number         0  stubs.o ABSOLUTE
    _printf_sizespec                         0x00000000   Number         0  stubs.o ABSOLUTE
    _printf_str                              0x00000000   Number         0  stubs.o ABSOLUTE
    _printf_truncate_signed                  0x00000000   Number         0  stubs.o ABSOLUTE
    _printf_truncate_unsigned                0x00000000   Number         0  stubs.o ABSOLUTE
    _printf_u                                0x00000000   Number         0  stubs.o ABSOLUTE
    _printf_wc                               0x00000000   Number         0  stubs.o ABSOLUTE
    _printf_wctomb                           0x00000000   Number         0  stubs.o ABSOLUTE
    _printf_widthprec                        0x00000000   Number         0  stubs.o ABSOLUTE
    _printf_x                                0x00000000   Number         0  stubs.o ABSOLUTE
    __cpp_initialize__aeabi_                  - Undefined Weak Reference
    __cxa_finalize                            - Undefined Weak Reference
    __decompress                              - Undefined Weak Reference
    _clock_init                               - Undefined Weak Reference
    _microlib_exit                            - Undefined Weak Reference
    __Vectors_Size                           0x00000188   Number         0  startup_stm32f4xx.o ABSOLUTE
    __Vectors                                0x08000000   Data           4  startup_stm32f4xx.o(RESET)
    __Vectors_End                            0x08000188   Data           0  startup_stm32f4xx.o(RESET)
    __main                                   0x08000189   Thumb Code     0  entry.o(.ARM.Collect$$$$00000000)
    _main_stk                                0x08000189   Thumb Code     0  entry2.o(.ARM.Collect$$$$00000001)
    _main_scatterload                        0x0800018d   Thumb Code     0  entry5.o(.ARM.Collect$$$$00000004)
    __main_after_scatterload                 0x08000191   Thumb Code     0  entry5.o(.ARM.Collect$$$$00000004)
    _main_clock                              0x08000191   Thumb Code     0  entry7b.o(.ARM.Collect$$$$00000008)
    _main_cpp_init                           0x08000191   Thumb Code     0  entry8b.o(.ARM.Collect$$$$0000000A)
    _main_init                               0x08000191   Thumb Code     0  entry9a.o(.ARM.Collect$$$$0000000B)
    __rt_final_cpp                           0x08000199   Thumb Code     0  entry10a.o(.ARM.Collect$$$$0000000D)
    __rt_final_exit                          0x08000199   Thumb Code     0  entry11a.o(.ARM.Collect$$$$0000000F)
    WFI_SET                                  0x0800019d   Thumb Code     2  sys.o(.emb_text)
    INTX_DISABLE                             0x0800019f   Thumb Code     4  sys.o(.emb_text)
    INTX_ENABLE                              0x080001a3   Thumb Code     4  sys.o(.emb_text)
    MSR_MSP                                  0x080001a7   Thumb Code     6  sys.o(.emb_text)
    Beep_Configuration                       0x080001ad   Thumb Code    52  beep.o(.text)
    Beep_Show                                0x080001e1   Thumb Code    48  beep.o(.text)
    CAN1_Init                                0x08000215   Thumb Code   298  can1.o(.text)
    CAN1_RX0_IRQHandler                      0x080003cf   Thumb Code   768  can1.o(.text)
    Delay_ms                                 0x080006d9   Thumb Code    28  delay.o(.text)
    Delay_us                                 0x080006f5   Thumb Code    26  delay.o(.text)
    Delay                                    0x0800070f   Thumb Code    14  delay.o(.text)
    CAN2_Init                                0x0800071d   Thumb Code   612  can2.o(.text)
    CAN2_RX0_IRQHandler                      0x08000981   Thumb Code   262  can2.o(.text)
    CAN2_RX1_IRQHandler                      0x08000aa9   Thumb Code  1124  can2.o(.text)
    Tx_CurrentInput                          0x08000f0d   Thumb Code   324  can2.o(.text)
    valveCtrl                                0x08001051   Thumb Code    64  can2.o(.text)
    Led8_Configuration                       0x0800109d   Thumb Code    56  led8.o(.text)
    Led8DisData                              0x080010d5   Thumb Code    78  led8.o(.text)
    LED_Configuration                        0x0800112d   Thumb Code    30  led.o(.text)
    Led_Show                                 0x0800114b   Thumb Code   100  led.o(.text)
    LedDisplay                               0x080011af   Thumb Code    42  led.o(.text)
    main                                     0x08001645   Thumb Code   158  main.o(.text)
    creatError                               0x08001705   Thumb Code    28  param.o(.text)
    Flag_Init                                0x08001721   Thumb Code    12  param.o(.text)
    param_Init                               0x0800172d   Thumb Code    24  param.o(.text)
    ChangeData                               0x08001745   Thumb Code    12  param.o(.text)
    deleteError                              0x08001751   Thumb Code    26  param.o(.text)
    insertError                              0x0800176b   Thumb Code    52  param.o(.text)
    ErrorFind                                0x0800179f   Thumb Code    36  param.o(.text)
    NMI_Handler                              0x080017cd   Thumb Code     2  stm32f4xx_it.o(.text)
    HardFault_Handler                        0x080017cf   Thumb Code    18  stm32f4xx_it.o(.text)
    MemManage_Handler                        0x080017e1   Thumb Code     4  stm32f4xx_it.o(.text)
    BusFault_Handler                         0x080017e5   Thumb Code     4  stm32f4xx_it.o(.text)
    UsageFault_Handler                       0x080017e9   Thumb Code     4  stm32f4xx_it.o(.text)
    SVC_Handler                              0x080017ed   Thumb Code     2  stm32f4xx_it.o(.text)
    DebugMon_Handler                         0x080017ef   Thumb Code     2  stm32f4xx_it.o(.text)
    TIM3_Init                                0x080017f1   Thumb Code    80  tim3.o(.text)
    TIM3_IRQHandler                          0x08001841   Thumb Code    20  tim3.o(.text)
    Usart1_Init                              0x08001859   Thumb Code   290  usart1.o(.text)
    USART1_Send                              0x0800197b   Thumb Code    46  usart1.o(.text)
    DMA2_Stream7_IRQHandler                  0x080019a9   Thumb Code    38  usart1.o(.text)
    Usart2_Init                              0x080019e9   Thumb Code   274  usart2.o(.text)
    USART2_IRQHandler                        0x08001afb   Thumb Code   190  usart2.o(.text)
    UsartLCDReceive                          0x08001bb9   Thumb Code  3022  usart2.o(.text)
    USART2_Send                              0x08002787   Thumb Code    34  usart2.o(.text)
    UsartLCDshow                             0x080027a9   Thumb Code  4368  usart2.o(.text)
    DMA1_Stream6_IRQHandler                  0x080038b9   Thumb Code    36  usart2.o(.text)
    DJ_motor_Init                            0x080038f9   Thumb Code  2750  motor.o(.text)
    motor_set_zero                           0x080043b7   Thumb Code    54  motor.o(.text)
    motor_get_position                       0x080043ed   Thumb Code  1098  motor.o(.text)
    motor_speed_PID                          0x08004837   Thumb Code   146  motor.o(.text)
    motor_position_PID                       0x080048c9   Thumb Code   860  motor.o(.text)
    motor_zero                               0x08004c25   Thumb Code   480  motor.o(.text)
    PIDInit                                  0x08004e09   Thumb Code    34  pid.o(.text)
    PIDcalculate                             0x08004e2b   Thumb Code    92  pid.o(.text)
    ElmoInit                                 0x08004e89   Thumb Code    74  elmo.o(.text)
    ElmoMotorInit                            0x08004ed3   Thumb Code   376  elmo.o(.text)
    MO                                       0x0800504b   Thumb Code   276  elmo.o(.text)
    BG                                       0x0800515f   Thumb Code   146  elmo.o(.text)
    AC                                       0x080051f1   Thumb Code   284  elmo.o(.text)
    DC                                       0x0800530d   Thumb Code   242  elmo.o(.text)
    JV                                       0x080053ff   Thumb Code   296  elmo.o(.text)
    IQ                                       0x08005527   Thumb Code   130  elmo.o(.text)
    PA                                       0x080055a9   Thumb Code   242  elmo.o(.text)
    PE                                       0x0800569b   Thumb Code   148  elmo.o(.text)
    PR_                                      0x0800572f   Thumb Code   242  elmo.o(.text)
    PX                                       0x08005821   Thumb Code   242  elmo.o(.text)
    SD                                       0x08005913   Thumb Code   242  elmo.o(.text)
    SP                                       0x08005a05   Thumb Code   310  elmo.o(.text)
    ST                                       0x08005b3b   Thumb Code   146  elmo.o(.text)
    TC                                       0x08005bcd   Thumb Code   266  elmo.o(.text)
    UM                                       0x08005cd7   Thumb Code   242  elmo.o(.text)
    VX                                       0x08005dc9   Thumb Code   128  elmo.o(.text)
    Key_Configuration                        0x08005e59   Thumb Code   152  key.o(.text)
    Check_Matrixkey                          0x08005ef1   Thumb Code   218  key.o(.text)
    Key_Ctrl                                 0x08005fcb   Thumb Code   344  key.o(.text)
    EXTI9_5_IRQHandler                       0x08006123   Thumb Code    28  key.o(.text)
    Check_Dialkey                            0x0800613f   Thumb Code    40  key.o(.text)
    simulate_key                             0x08006167   Thumb Code   298  key.o(.text)
    Can_SendqueueInit                        0x08006291   Thumb Code    16  canctrlist.o(.text)
    QueueEmpty                               0x080062a1   Thumb Code    18  canctrlist.o(.text)
    QueueFull                                0x080062b3   Thumb Code    30  canctrlist.o(.text)
    Can_MesgCtrlList                         0x080062d1   Thumb Code   346  canctrlist.o(.text)
    Can_DeQueue                              0x0800642b   Thumb Code   366  canctrlist.o(.text)
    InitCANControlList                       0x08006599   Thumb Code    62  canctrlist.o(.text)
    TraversalControlList                     0x080065d7   Thumb Code   560  canctrlist.o(.text)
    Usart3_Init                              0x08006811   Thumb Code   166  usart3.o(.text)
    USART3_IRQHandler                        0x080068b7   Thumb Code   258  usart3.o(.text)
    TIM2_Init                                0x080069cd   Thumb Code    84  tim2.o(.text)
    TIM2_IRQHandler                          0x08006a21   Thumb Code    20  tim2.o(.text)
    VESCInit                                 0x08006a35   Thumb Code   310  vesc.o(.text)
    VESC_Set_Duty_Cycle                      0x08006b6b   Thumb Code   132  vesc.o(.text)
    VESC_Set_Speed                           0x08006bef   Thumb Code   128  vesc.o(.text)
    VESC_Set_Current                         0x08006c6f   Thumb Code   132  vesc.o(.text)
    VESC_Set_Brake_Current                   0x08006cf3   Thumb Code   132  vesc.o(.text)
    VESC_Set_Handbrake_Current               0x08006d77   Thumb Code   132  vesc.o(.text)
    VESC_Set_Position                        0x08006dfb   Thumb Code   184  vesc.o(.text)
    MY_NVIC_SetVectorTable                   0x08006ec1   Thumb Code    12  sys.o(.text)
    MY_NVIC_PriorityGroupConfig              0x08006ecd   Thumb Code    36  sys.o(.text)
    MY_NVIC_Init                             0x08006ef1   Thumb Code   116  sys.o(.text)
    Ex_NVIC_Config                           0x08006f65   Thumb Code   168  sys.o(.text)
    GPIO_AF_Set                              0x0800700d   Thumb Code    64  sys.o(.text)
    GPIO_Set                                 0x0800704d   Thumb Code   222  sys.o(.text)
    Sys_Standby                              0x0800712b   Thumb Code    72  sys.o(.text)
    Sys_Soft_Reset                           0x08007173   Thumb Code    12  sys.o(.text)
    Sys_Clock_Set                            0x0800717f   Thumb Code   266  sys.o(.text)
    Stm32_Clock_Init                         0x08007289   Thumb Code   138  sys.o(.text)
    NVIC_PriorityGroupConfig                 0x08007319   Thumb Code    10  misc.o(.text)
    NVIC_Init                                0x08007323   Thumb Code   106  misc.o(.text)
    NVIC_SetVectorTable                      0x0800738d   Thumb Code    14  misc.o(.text)
    NVIC_SystemLPConfig                      0x0800739b   Thumb Code    34  misc.o(.text)
    SysTick_CLKSourceConfig                  0x080073bd   Thumb Code    40  misc.o(.text)
    CAN_DeInit                               0x080073f9   Thumb Code    50  stm32f4xx_can.o(.text)
    CAN_Init                                 0x0800742b   Thumb Code   276  stm32f4xx_can.o(.text)
    CAN_FilterInit                           0x0800753f   Thumb Code   258  stm32f4xx_can.o(.text)
    CAN_StructInit                           0x08007641   Thumb Code    32  stm32f4xx_can.o(.text)
    CAN_SlaveStartBank                       0x08007661   Thumb Code    48  stm32f4xx_can.o(.text)
    CAN_DBGFreeze                            0x08007691   Thumb Code    22  stm32f4xx_can.o(.text)
    CAN_TTComModeCmd                         0x080076a7   Thumb Code   118  stm32f4xx_can.o(.text)
    CAN_Transmit                             0x0800771d   Thumb Code   304  stm32f4xx_can.o(.text)
    CAN_TransmitStatus                       0x0800784d   Thumb Code   138  stm32f4xx_can.o(.text)
    CAN_CancelTransmit                       0x080078d7   Thumb Code    48  stm32f4xx_can.o(.text)
    CAN_Receive                              0x08007907   Thumb Code   240  stm32f4xx_can.o(.text)
    CAN_FIFORelease                          0x080079f7   Thumb Code    22  stm32f4xx_can.o(.text)
    CAN_MessagePending                       0x08007a0d   Thumb Code    30  stm32f4xx_can.o(.text)
    CAN_OperatingModeRequest                 0x08007a2b   Thumb Code   162  stm32f4xx_can.o(.text)
    CAN_Sleep                                0x08007acd   Thumb Code    30  stm32f4xx_can.o(.text)
    CAN_WakeUp                               0x08007aeb   Thumb Code    48  stm32f4xx_can.o(.text)
    CAN_GetLastErrorCode                     0x08007b1b   Thumb Code    12  stm32f4xx_can.o(.text)
    CAN_GetReceiveErrorCounter               0x08007b27   Thumb Code    10  stm32f4xx_can.o(.text)
    CAN_GetLSBTransmitErrorCounter           0x08007b31   Thumb Code    12  stm32f4xx_can.o(.text)
    CAN_ITConfig                             0x08007b3d   Thumb Code    18  stm32f4xx_can.o(.text)
    CAN_GetFlagStatus                        0x08007b4f   Thumb Code   120  stm32f4xx_can.o(.text)
    CAN_ClearFlag                            0x08007bc7   Thumb Code    52  stm32f4xx_can.o(.text)
    CAN_GetITStatus                          0x08007c0d   Thumb Code   310  stm32f4xx_can.o(.text)
    CAN_ClearITPendingBit                    0x08007d43   Thumb Code   162  stm32f4xx_can.o(.text)
    DMA_DeInit                               0x08007de9   Thumb Code   324  stm32f4xx_dma.o(.text)
    DMA_Init                                 0x08007f2d   Thumb Code    82  stm32f4xx_dma.o(.text)
    DMA_StructInit                           0x08007f7f   Thumb Code    34  stm32f4xx_dma.o(.text)
    DMA_Cmd                                  0x08007fa1   Thumb Code    22  stm32f4xx_dma.o(.text)
    DMA_PeriphIncOffsetSizeConfig            0x08007fb7   Thumb Code    22  stm32f4xx_dma.o(.text)
    DMA_FlowControllerConfig                 0x08007fcd   Thumb Code    22  stm32f4xx_dma.o(.text)
    DMA_SetCurrDataCounter                   0x08007fe3   Thumb Code     4  stm32f4xx_dma.o(.text)
    DMA_GetCurrDataCounter                   0x08007fe7   Thumb Code     8  stm32f4xx_dma.o(.text)
    DMA_DoubleBufferModeConfig               0x08007fef   Thumb Code    24  stm32f4xx_dma.o(.text)
    DMA_DoubleBufferModeCmd                  0x08008007   Thumb Code    22  stm32f4xx_dma.o(.text)
    DMA_MemoryTargetConfig                   0x0800801d   Thumb Code    10  stm32f4xx_dma.o(.text)
    DMA_GetCurrentMemoryTarget               0x08008027   Thumb Code    20  stm32f4xx_dma.o(.text)
    DMA_GetCmdStatus                         0x0800803b   Thumb Code    20  stm32f4xx_dma.o(.text)
    DMA_GetFIFOStatus                        0x0800804f   Thumb Code    12  stm32f4xx_dma.o(.text)
    DMA_GetFlagStatus                        0x0800805b   Thumb Code    56  stm32f4xx_dma.o(.text)
    DMA_ClearFlag                            0x08008093   Thumb Code    40  stm32f4xx_dma.o(.text)
    DMA_ITConfig                             0x080080bb   Thumb Code    58  stm32f4xx_dma.o(.text)
    DMA_GetITStatus                          0x080080f5   Thumb Code    84  stm32f4xx_dma.o(.text)
    DMA_ClearITPendingBit                    0x08008149   Thumb Code    40  stm32f4xx_dma.o(.text)
    EXTI_DeInit                              0x08008191   Thumb Code    28  stm32f4xx_exti.o(.text)
    EXTI_Init                                0x080081ad   Thumb Code   142  stm32f4xx_exti.o(.text)
    EXTI_StructInit                          0x0800823b   Thumb Code    16  stm32f4xx_exti.o(.text)
    EXTI_GenerateSWInterrupt                 0x0800824b   Thumb Code    16  stm32f4xx_exti.o(.text)
    EXTI_GetFlagStatus                       0x0800825b   Thumb Code    22  stm32f4xx_exti.o(.text)
    EXTI_ClearFlag                           0x08008271   Thumb Code     8  stm32f4xx_exti.o(.text)
    EXTI_GetITStatus                         0x08008279   Thumb Code    34  stm32f4xx_exti.o(.text)
    EXTI_ClearITPendingBit                   0x0800829b   Thumb Code     8  stm32f4xx_exti.o(.text)
    GPIO_DeInit                              0x080082ad   Thumb Code   220  stm32f4xx_gpio.o(.text)
    GPIO_Init                                0x08008389   Thumb Code   144  stm32f4xx_gpio.o(.text)
    GPIO_StructInit                          0x08008419   Thumb Code    18  stm32f4xx_gpio.o(.text)
    GPIO_PinLockConfig                       0x0800842b   Thumb Code    34  stm32f4xx_gpio.o(.text)
    GPIO_ReadInputDataBit                    0x0800844d   Thumb Code    18  stm32f4xx_gpio.o(.text)
    GPIO_ReadInputData                       0x0800845f   Thumb Code     8  stm32f4xx_gpio.o(.text)
    GPIO_ReadOutputDataBit                   0x08008467   Thumb Code    18  stm32f4xx_gpio.o(.text)
    GPIO_ReadOutputData                      0x08008479   Thumb Code     8  stm32f4xx_gpio.o(.text)
    GPIO_SetBits                             0x08008481   Thumb Code     4  stm32f4xx_gpio.o(.text)
    GPIO_ResetBits                           0x08008485   Thumb Code     4  stm32f4xx_gpio.o(.text)
    GPIO_WriteBit                            0x08008489   Thumb Code    10  stm32f4xx_gpio.o(.text)
    GPIO_Write                               0x08008493   Thumb Code     4  stm32f4xx_gpio.o(.text)
    GPIO_ToggleBits                          0x08008497   Thumb Code     8  stm32f4xx_gpio.o(.text)
    GPIO_PinAFConfig                         0x0800849f   Thumb Code    70  stm32f4xx_gpio.o(.text)
    RCC_DeInit                               0x08008509   Thumb Code    60  stm32f4xx_rcc.o(.text)
    RCC_HSEConfig                            0x08008545   Thumb Code    14  stm32f4xx_rcc.o(.text)
    RCC_GetFlagStatus                        0x08008553   Thumb Code    60  stm32f4xx_rcc.o(.text)
    RCC_WaitForHSEStartUp                    0x0800858f   Thumb Code    56  stm32f4xx_rcc.o(.text)
    RCC_AdjustHSICalibrationValue            0x080085c7   Thumb Code    20  stm32f4xx_rcc.o(.text)
    RCC_HSICmd                               0x080085db   Thumb Code     6  stm32f4xx_rcc.o(.text)
    RCC_LSEConfig                            0x080085e1   Thumb Code    46  stm32f4xx_rcc.o(.text)
    RCC_LSICmd                               0x0800860f   Thumb Code     6  stm32f4xx_rcc.o(.text)
    RCC_PLLConfig                            0x08008615   Thumb Code    32  stm32f4xx_rcc.o(.text)
    RCC_PLLCmd                               0x08008635   Thumb Code     6  stm32f4xx_rcc.o(.text)
    RCC_PLLI2SConfig                         0x0800863b   Thumb Code    14  stm32f4xx_rcc.o(.text)
    RCC_PLLI2SCmd                            0x08008649   Thumb Code     6  stm32f4xx_rcc.o(.text)
    RCC_ClockSecuritySystemCmd               0x0800864f   Thumb Code     6  stm32f4xx_rcc.o(.text)
    RCC_MCO1Config                           0x08008655   Thumb Code    28  stm32f4xx_rcc.o(.text)
    RCC_MCO2Config                           0x08008671   Thumb Code    28  stm32f4xx_rcc.o(.text)
    RCC_SYSCLKConfig                         0x0800868d   Thumb Code    20  stm32f4xx_rcc.o(.text)
    RCC_GetSYSCLKSource                      0x080086a1   Thumb Code    12  stm32f4xx_rcc.o(.text)
    RCC_HCLKConfig                           0x080086ad   Thumb Code    20  stm32f4xx_rcc.o(.text)
    RCC_PCLK1Config                          0x080086c1   Thumb Code    20  stm32f4xx_rcc.o(.text)
    RCC_PCLK2Config                          0x080086d5   Thumb Code    22  stm32f4xx_rcc.o(.text)
    RCC_GetClocksFreq                        0x080086eb   Thumb Code   222  stm32f4xx_rcc.o(.text)
    RCC_RTCCLKConfig                         0x080087c9   Thumb Code    54  stm32f4xx_rcc.o(.text)
    RCC_RTCCLKCmd                            0x080087ff   Thumb Code     8  stm32f4xx_rcc.o(.text)
    RCC_BackupResetCmd                       0x08008807   Thumb Code     8  stm32f4xx_rcc.o(.text)
    RCC_I2SCLKConfig                         0x0800880f   Thumb Code     6  stm32f4xx_rcc.o(.text)
    RCC_AHB1PeriphClockCmd                   0x08008815   Thumb Code    34  stm32f4xx_rcc.o(.text)
    RCC_AHB2PeriphClockCmd                   0x08008837   Thumb Code    34  stm32f4xx_rcc.o(.text)
    RCC_AHB3PeriphClockCmd                   0x08008859   Thumb Code    34  stm32f4xx_rcc.o(.text)
    RCC_APB1PeriphClockCmd                   0x0800887b   Thumb Code    34  stm32f4xx_rcc.o(.text)
    RCC_APB2PeriphClockCmd                   0x0800889d   Thumb Code    34  stm32f4xx_rcc.o(.text)
    RCC_AHB1PeriphResetCmd                   0x080088bf   Thumb Code    34  stm32f4xx_rcc.o(.text)
    RCC_AHB2PeriphResetCmd                   0x080088e1   Thumb Code    72  stm32f4xx_rcc.o(.text)
    RCC_AHB3PeriphResetCmd                   0x08008929   Thumb Code    34  stm32f4xx_rcc.o(.text)
    RCC_APB1PeriphResetCmd                   0x0800894b   Thumb Code    34  stm32f4xx_rcc.o(.text)
    RCC_APB2PeriphResetCmd                   0x0800896d   Thumb Code    34  stm32f4xx_rcc.o(.text)
    RCC_AHB1PeriphClockLPModeCmd             0x0800898f   Thumb Code    34  stm32f4xx_rcc.o(.text)
    RCC_AHB2PeriphClockLPModeCmd             0x080089b1   Thumb Code    34  stm32f4xx_rcc.o(.text)
    RCC_AHB3PeriphClockLPModeCmd             0x080089d3   Thumb Code    34  stm32f4xx_rcc.o(.text)
    RCC_APB1PeriphClockLPModeCmd             0x080089f5   Thumb Code    34  stm32f4xx_rcc.o(.text)
    RCC_APB2PeriphClockLPModeCmd             0x08008a17   Thumb Code    34  stm32f4xx_rcc.o(.text)
    RCC_ITConfig                             0x08008a39   Thumb Code    34  stm32f4xx_rcc.o(.text)
    RCC_ClearFlag                            0x08008a5b   Thumb Code    18  stm32f4xx_rcc.o(.text)
    RCC_GetITStatus                          0x08008a6d   Thumb Code    22  stm32f4xx_rcc.o(.text)
    RCC_ClearITPendingBit                    0x08008a83   Thumb Code     8  stm32f4xx_rcc.o(.text)
    TIM_DeInit                               0x08008a91   Thumb Code   346  stm32f4xx_tim.o(.text)
    TIM_TimeBaseInit                         0x08008beb   Thumb Code   104  stm32f4xx_tim.o(.text)
    TIM_TimeBaseStructInit                   0x08008c53   Thumb Code    18  stm32f4xx_tim.o(.text)
    TIM_PrescalerConfig                      0x08008c65   Thumb Code     6  stm32f4xx_tim.o(.text)
    TIM_CounterModeConfig                    0x08008c6b   Thumb Code    18  stm32f4xx_tim.o(.text)
    TIM_SetCounter                           0x08008c7d   Thumb Code     4  stm32f4xx_tim.o(.text)
    TIM_SetAutoreload                        0x08008c81   Thumb Code     4  stm32f4xx_tim.o(.text)
    TIM_GetCounter                           0x08008c85   Thumb Code     6  stm32f4xx_tim.o(.text)
    TIM_GetPrescaler                         0x08008c8b   Thumb Code     6  stm32f4xx_tim.o(.text)
    TIM_UpdateDisableConfig                  0x08008c91   Thumb Code    24  stm32f4xx_tim.o(.text)
    TIM_UpdateRequestConfig                  0x08008ca9   Thumb Code    24  stm32f4xx_tim.o(.text)
    TIM_ARRPreloadConfig                     0x08008cc1   Thumb Code    24  stm32f4xx_tim.o(.text)
    TIM_SelectOnePulseMode                   0x08008cd9   Thumb Code    18  stm32f4xx_tim.o(.text)
    TIM_SetClockDivision                     0x08008ceb   Thumb Code    18  stm32f4xx_tim.o(.text)
    TIM_Cmd                                  0x08008cfd   Thumb Code    24  stm32f4xx_tim.o(.text)
    TIM_OC1Init                              0x08008d15   Thumb Code   114  stm32f4xx_tim.o(.text)
    TIM_OC2Init                              0x08008d87   Thumb Code   154  stm32f4xx_tim.o(.text)
    TIM_OC3Init                              0x08008e21   Thumb Code   204  stm32f4xx_tim.o(.text)
    TIM_OC4Init                              0x08008eed   Thumb Code   112  stm32f4xx_tim.o(.text)
    TIM_OCStructInit                         0x08008f5d   Thumb Code    20  stm32f4xx_tim.o(.text)
    TIM_SelectOCxM                           0x08008f71   Thumb Code    86  stm32f4xx_tim.o(.text)
    TIM_SetCompare1                          0x08008fc7   Thumb Code     4  stm32f4xx_tim.o(.text)
    TIM_SetCompare2                          0x08008fcb   Thumb Code     4  stm32f4xx_tim.o(.text)
    TIM_SetCompare3                          0x08008fcf   Thumb Code     4  stm32f4xx_tim.o(.text)
    TIM_SetCompare4                          0x08008fd3   Thumb Code     4  stm32f4xx_tim.o(.text)
    TIM_ForcedOC1Config                      0x08008fd7   Thumb Code    18  stm32f4xx_tim.o(.text)
    TIM_ForcedOC2Config                      0x08008fe9   Thumb Code    26  stm32f4xx_tim.o(.text)
    TIM_ForcedOC3Config                      0x08009003   Thumb Code    18  stm32f4xx_tim.o(.text)
    TIM_ForcedOC4Config                      0x08009015   Thumb Code    26  stm32f4xx_tim.o(.text)
    TIM_OC1PreloadConfig                     0x0800902f   Thumb Code    18  stm32f4xx_tim.o(.text)
    TIM_OC2PreloadConfig                     0x08009041   Thumb Code    26  stm32f4xx_tim.o(.text)
    TIM_OC3PreloadConfig                     0x0800905b   Thumb Code    18  stm32f4xx_tim.o(.text)
    TIM_OC4PreloadConfig                     0x0800906d   Thumb Code    26  stm32f4xx_tim.o(.text)
    TIM_OC1FastConfig                        0x08009087   Thumb Code    18  stm32f4xx_tim.o(.text)
    TIM_OC2FastConfig                        0x08009099   Thumb Code    26  stm32f4xx_tim.o(.text)
    TIM_OC3FastConfig                        0x080090b3   Thumb Code    18  stm32f4xx_tim.o(.text)
    TIM_OC4FastConfig                        0x080090c5   Thumb Code    26  stm32f4xx_tim.o(.text)
    TIM_ClearOC1Ref                          0x080090df   Thumb Code    18  stm32f4xx_tim.o(.text)
    TIM_ClearOC2Ref                          0x080090f1   Thumb Code    24  stm32f4xx_tim.o(.text)
    TIM_ClearOC3Ref                          0x08009109   Thumb Code    18  stm32f4xx_tim.o(.text)
    TIM_ClearOC4Ref                          0x0800911b   Thumb Code    24  stm32f4xx_tim.o(.text)
    TIM_OC1PolarityConfig                    0x08009133   Thumb Code    18  stm32f4xx_tim.o(.text)
    TIM_OC1NPolarityConfig                   0x08009145   Thumb Code    18  stm32f4xx_tim.o(.text)
    TIM_OC2PolarityConfig                    0x08009157   Thumb Code    26  stm32f4xx_tim.o(.text)
    TIM_OC2NPolarityConfig                   0x08009171   Thumb Code    26  stm32f4xx_tim.o(.text)
    TIM_OC3PolarityConfig                    0x0800918b   Thumb Code    26  stm32f4xx_tim.o(.text)
    TIM_OC3NPolarityConfig                   0x080091a5   Thumb Code    26  stm32f4xx_tim.o(.text)
    TIM_OC4PolarityConfig                    0x080091bf   Thumb Code    26  stm32f4xx_tim.o(.text)
    TIM_CCxCmd                               0x080091d9   Thumb Code    30  stm32f4xx_tim.o(.text)
    TIM_CCxNCmd                              0x080091f7   Thumb Code    30  stm32f4xx_tim.o(.text)
    TIM_SetIC4Prescaler                      0x08009215   Thumb Code    26  stm32f4xx_tim.o(.text)
    TIM_SetIC3Prescaler                      0x0800927f   Thumb Code    18  stm32f4xx_tim.o(.text)
    TIM_SetIC2Prescaler                      0x080092d9   Thumb Code    26  stm32f4xx_tim.o(.text)
    TIM_SetIC1Prescaler                      0x0800934d   Thumb Code    18  stm32f4xx_tim.o(.text)
    TIM_ICInit                               0x08009399   Thumb Code   110  stm32f4xx_tim.o(.text)
    TIM_ICStructInit                         0x08009407   Thumb Code    18  stm32f4xx_tim.o(.text)
    TIM_PWMIConfig                           0x08009419   Thumb Code   124  stm32f4xx_tim.o(.text)
    TIM_GetCapture1                          0x08009495   Thumb Code     6  stm32f4xx_tim.o(.text)
    TIM_GetCapture2                          0x0800949b   Thumb Code     6  stm32f4xx_tim.o(.text)
    TIM_GetCapture3                          0x080094a1   Thumb Code     6  stm32f4xx_tim.o(.text)
    TIM_GetCapture4                          0x080094a7   Thumb Code     6  stm32f4xx_tim.o(.text)
    TIM_BDTRConfig                           0x080094ad   Thumb Code    32  stm32f4xx_tim.o(.text)
    TIM_BDTRStructInit                       0x080094cd   Thumb Code    18  stm32f4xx_tim.o(.text)
    TIM_CtrlPWMOutputs                       0x080094df   Thumb Code    30  stm32f4xx_tim.o(.text)
    TIM_SelectCOM                            0x080094fd   Thumb Code    24  stm32f4xx_tim.o(.text)
    TIM_CCPreloadControl                     0x08009515   Thumb Code    24  stm32f4xx_tim.o(.text)
    TIM_ITConfig                             0x0800952d   Thumb Code    18  stm32f4xx_tim.o(.text)
    TIM_GenerateEvent                        0x0800953f   Thumb Code     4  stm32f4xx_tim.o(.text)
    TIM_GetFlagStatus                        0x08009543   Thumb Code    18  stm32f4xx_tim.o(.text)
    TIM_ClearFlag                            0x08009555   Thumb Code     6  stm32f4xx_tim.o(.text)
    TIM_GetITStatus                          0x0800955b   Thumb Code    34  stm32f4xx_tim.o(.text)
    TIM_ClearITPendingBit                    0x0800957d   Thumb Code     6  stm32f4xx_tim.o(.text)
    TIM_DMAConfig                            0x08009583   Thumb Code    10  stm32f4xx_tim.o(.text)
    TIM_DMACmd                               0x0800958d   Thumb Code    18  stm32f4xx_tim.o(.text)
    TIM_SelectCCDMA                          0x0800959f   Thumb Code    24  stm32f4xx_tim.o(.text)
    TIM_InternalClockConfig                  0x080095b7   Thumb Code    12  stm32f4xx_tim.o(.text)
    TIM_SelectInputTrigger                   0x080095c3   Thumb Code    18  stm32f4xx_tim.o(.text)
    TIM_ITRxExternalClockConfig              0x080095d5   Thumb Code    24  stm32f4xx_tim.o(.text)
    TIM_TIxExternalClockConfig               0x080095ed   Thumb Code    62  stm32f4xx_tim.o(.text)
    TIM_ETRConfig                            0x0800962b   Thumb Code    28  stm32f4xx_tim.o(.text)
    TIM_ETRClockMode1Config                  0x08009647   Thumb Code    54  stm32f4xx_tim.o(.text)
    TIM_ETRClockMode2Config                  0x0800967d   Thumb Code    32  stm32f4xx_tim.o(.text)
    TIM_SelectOutputTrigger                  0x0800969d   Thumb Code    18  stm32f4xx_tim.o(.text)
    TIM_SelectSlaveMode                      0x080096af   Thumb Code    18  stm32f4xx_tim.o(.text)
    TIM_SelectMasterSlaveMode                0x080096c1   Thumb Code    18  stm32f4xx_tim.o(.text)
    TIM_EncoderInterfaceConfig               0x080096d3   Thumb Code    66  stm32f4xx_tim.o(.text)
    TIM_SelectHallSensor                     0x08009715   Thumb Code    24  stm32f4xx_tim.o(.text)
    TIM_RemapConfig                          0x0800972d   Thumb Code     6  stm32f4xx_tim.o(.text)
    USART_DeInit                             0x08009735   Thumb Code   156  stm32f4xx_usart.o(.text)
    USART_Init                               0x080097d1   Thumb Code   204  stm32f4xx_usart.o(.text)
    USART_StructInit                         0x0800989d   Thumb Code    24  stm32f4xx_usart.o(.text)
    USART_ClockInit                          0x080098b5   Thumb Code    32  stm32f4xx_usart.o(.text)
    USART_ClockStructInit                    0x080098d5   Thumb Code    12  stm32f4xx_usart.o(.text)
    USART_Cmd                                0x080098e1   Thumb Code    24  stm32f4xx_usart.o(.text)
    USART_SetPrescaler                       0x080098f9   Thumb Code    16  stm32f4xx_usart.o(.text)
    USART_OverSampling8Cmd                   0x08009909   Thumb Code    22  stm32f4xx_usart.o(.text)
    USART_OneBitMethodCmd                    0x0800991f   Thumb Code    24  stm32f4xx_usart.o(.text)
    USART_SendData                           0x08009937   Thumb Code     8  stm32f4xx_usart.o(.text)
    USART_ReceiveData                        0x0800993f   Thumb Code    10  stm32f4xx_usart.o(.text)
    USART_SetAddress                         0x08009949   Thumb Code    18  stm32f4xx_usart.o(.text)
    USART_ReceiverWakeUpCmd                  0x0800995b   Thumb Code    24  stm32f4xx_usart.o(.text)
    USART_WakeUpConfig                       0x08009973   Thumb Code    18  stm32f4xx_usart.o(.text)
    USART_LINBreakDetectLengthConfig         0x08009985   Thumb Code    18  stm32f4xx_usart.o(.text)
    USART_LINCmd                             0x08009997   Thumb Code    24  stm32f4xx_usart.o(.text)
    USART_SendBreak                          0x080099af   Thumb Code    10  stm32f4xx_usart.o(.text)
    USART_HalfDuplexCmd                      0x080099b9   Thumb Code    24  stm32f4xx_usart.o(.text)
    USART_SetGuardTime                       0x080099d1   Thumb Code    16  stm32f4xx_usart.o(.text)
    USART_SmartCardCmd                       0x080099e1   Thumb Code    24  stm32f4xx_usart.o(.text)
    USART_SmartCardNACKCmd                   0x080099f9   Thumb Code    24  stm32f4xx_usart.o(.text)
    USART_IrDAConfig                         0x08009a11   Thumb Code    18  stm32f4xx_usart.o(.text)
    USART_IrDACmd                            0x08009a23   Thumb Code    24  stm32f4xx_usart.o(.text)
    USART_DMACmd                             0x08009a3b   Thumb Code    18  stm32f4xx_usart.o(.text)
    USART_ITConfig                           0x08009a4d   Thumb Code    74  stm32f4xx_usart.o(.text)
    USART_GetFlagStatus                      0x08009a97   Thumb Code    26  stm32f4xx_usart.o(.text)
    USART_ClearFlag                          0x08009ab1   Thumb Code    18  stm32f4xx_usart.o(.text)
    USART_GetITStatus                        0x08009ac3   Thumb Code   110  stm32f4xx_usart.o(.text)
    USART_ClearITPendingBit                  0x08009b31   Thumb Code    30  stm32f4xx_usart.o(.text)
    SYSCFG_DeInit                            0x08009b51   Thumb Code    22  stm32f4xx_syscfg.o(.text)
    SYSCFG_MemoryRemapConfig                 0x08009b67   Thumb Code     6  stm32f4xx_syscfg.o(.text)
    SYSCFG_EXTILineConfig                    0x08009b6d   Thumb Code    66  stm32f4xx_syscfg.o(.text)
    SYSCFG_ETH_MediaInterfaceConfig          0x08009baf   Thumb Code     6  stm32f4xx_syscfg.o(.text)
    SYSCFG_CompensationCellCmd               0x08009bb5   Thumb Code     6  stm32f4xx_syscfg.o(.text)
    SYSCFG_GetCompensationCellStatus         0x08009bbb   Thumb Code    22  stm32f4xx_syscfg.o(.text)
    SystemInit                               0x08009cb9   Thumb Code    88  system_stm32f4xx.o(.text)
    SystemCoreClockUpdate                    0x08009d11   Thumb Code   174  system_stm32f4xx.o(.text)
    Reset_Handler                            0x08009ded   Thumb Code     8  startup_stm32f4xx.o(.text)
    ADC_IRQHandler                           0x08009e07   Thumb Code     0  startup_stm32f4xx.o(.text)
    CAN1_RX1_IRQHandler                      0x08009e07   Thumb Code     0  startup_stm32f4xx.o(.text)
    CAN1_SCE_IRQHandler                      0x08009e07   Thumb Code     0  startup_stm32f4xx.o(.text)
    CAN1_TX_IRQHandler                       0x08009e07   Thumb Code     0  startup_stm32f4xx.o(.text)
    CAN2_SCE_IRQHandler                      0x08009e07   Thumb Code     0  startup_stm32f4xx.o(.text)
    CAN2_TX_IRQHandler                       0x08009e07   Thumb Code     0  startup_stm32f4xx.o(.text)
    CRYP_IRQHandler                          0x08009e07   Thumb Code     0  startup_stm32f4xx.o(.text)
    DCMI_IRQHandler                          0x08009e07   Thumb Code     0  startup_stm32f4xx.o(.text)
    DMA1_Stream0_IRQHandler                  0x08009e07   Thumb Code     0  startup_stm32f4xx.o(.text)
    DMA1_Stream1_IRQHandler                  0x08009e07   Thumb Code     0  startup_stm32f4xx.o(.text)
    DMA1_Stream2_IRQHandler                  0x08009e07   Thumb Code     0  startup_stm32f4xx.o(.text)
    DMA1_Stream3_IRQHandler                  0x08009e07   Thumb Code     0  startup_stm32f4xx.o(.text)
    DMA1_Stream4_IRQHandler                  0x08009e07   Thumb Code     0  startup_stm32f4xx.o(.text)
    DMA1_Stream5_IRQHandler                  0x08009e07   Thumb Code     0  startup_stm32f4xx.o(.text)
    DMA1_Stream7_IRQHandler                  0x08009e07   Thumb Code     0  startup_stm32f4xx.o(.text)
    DMA2_Stream0_IRQHandler                  0x08009e07   Thumb Code     0  startup_stm32f4xx.o(.text)
    DMA2_Stream1_IRQHandler                  0x08009e07   Thumb Code     0  startup_stm32f4xx.o(.text)
    DMA2_Stream2_IRQHandler                  0x08009e07   Thumb Code     0  startup_stm32f4xx.o(.text)
    DMA2_Stream3_IRQHandler                  0x08009e07   Thumb Code     0  startup_stm32f4xx.o(.text)
    DMA2_Stream4_IRQHandler                  0x08009e07   Thumb Code     0  startup_stm32f4xx.o(.text)
    DMA2_Stream5_IRQHandler                  0x08009e07   Thumb Code     0  startup_stm32f4xx.o(.text)
    DMA2_Stream6_IRQHandler                  0x08009e07   Thumb Code     0  startup_stm32f4xx.o(.text)
    ETH_IRQHandler                           0x08009e07   Thumb Code     0  startup_stm32f4xx.o(.text)
    ETH_WKUP_IRQHandler                      0x08009e07   Thumb Code     0  startup_stm32f4xx.o(.text)
    EXTI0_IRQHandler                         0x08009e07   Thumb Code     0  startup_stm32f4xx.o(.text)
    EXTI15_10_IRQHandler                     0x08009e07   Thumb Code     0  startup_stm32f4xx.o(.text)
    EXTI1_IRQHandler                         0x08009e07   Thumb Code     0  startup_stm32f4xx.o(.text)
    EXTI2_IRQHandler                         0x08009e07   Thumb Code     0  startup_stm32f4xx.o(.text)
    EXTI3_IRQHandler                         0x08009e07   Thumb Code     0  startup_stm32f4xx.o(.text)
    EXTI4_IRQHandler                         0x08009e07   Thumb Code     0  startup_stm32f4xx.o(.text)
    FLASH_IRQHandler                         0x08009e07   Thumb Code     0  startup_stm32f4xx.o(.text)
    FPU_IRQHandler                           0x08009e07   Thumb Code     0  startup_stm32f4xx.o(.text)
    FSMC_IRQHandler                          0x08009e07   Thumb Code     0  startup_stm32f4xx.o(.text)
    HASH_RNG_IRQHandler                      0x08009e07   Thumb Code     0  startup_stm32f4xx.o(.text)
    I2C1_ER_IRQHandler                       0x08009e07   Thumb Code     0  startup_stm32f4xx.o(.text)
    I2C1_EV_IRQHandler                       0x08009e07   Thumb Code     0  startup_stm32f4xx.o(.text)
    I2C2_ER_IRQHandler                       0x08009e07   Thumb Code     0  startup_stm32f4xx.o(.text)
    I2C2_EV_IRQHandler                       0x08009e07   Thumb Code     0  startup_stm32f4xx.o(.text)
    I2C3_ER_IRQHandler                       0x08009e07   Thumb Code     0  startup_stm32f4xx.o(.text)
    I2C3_EV_IRQHandler                       0x08009e07   Thumb Code     0  startup_stm32f4xx.o(.text)
    OTG_FS_IRQHandler                        0x08009e07   Thumb Code     0  startup_stm32f4xx.o(.text)
    OTG_FS_WKUP_IRQHandler                   0x08009e07   Thumb Code     0  startup_stm32f4xx.o(.text)
    OTG_HS_EP1_IN_IRQHandler                 0x08009e07   Thumb Code     0  startup_stm32f4xx.o(.text)
    OTG_HS_EP1_OUT_IRQHandler                0x08009e07   Thumb Code     0  startup_stm32f4xx.o(.text)
    OTG_HS_IRQHandler                        0x08009e07   Thumb Code     0  startup_stm32f4xx.o(.text)
    OTG_HS_WKUP_IRQHandler                   0x08009e07   Thumb Code     0  startup_stm32f4xx.o(.text)
    PVD_IRQHandler                           0x08009e07   Thumb Code     0  startup_stm32f4xx.o(.text)
    RCC_IRQHandler                           0x08009e07   Thumb Code     0  startup_stm32f4xx.o(.text)
    RTC_Alarm_IRQHandler                     0x08009e07   Thumb Code     0  startup_stm32f4xx.o(.text)
    RTC_WKUP_IRQHandler                      0x08009e07   Thumb Code     0  startup_stm32f4xx.o(.text)
    SDIO_IRQHandler                          0x08009e07   Thumb Code     0  startup_stm32f4xx.o(.text)
    SPI1_IRQHandler                          0x08009e07   Thumb Code     0  startup_stm32f4xx.o(.text)
    SPI2_IRQHandler                          0x08009e07   Thumb Code     0  startup_stm32f4xx.o(.text)
    SPI3_IRQHandler                          0x08009e07   Thumb Code     0  startup_stm32f4xx.o(.text)
    TAMP_STAMP_IRQHandler                    0x08009e07   Thumb Code     0  startup_stm32f4xx.o(.text)
    TIM1_BRK_TIM9_IRQHandler                 0x08009e07   Thumb Code     0  startup_stm32f4xx.o(.text)
    TIM1_CC_IRQHandler                       0x08009e07   Thumb Code     0  startup_stm32f4xx.o(.text)
    TIM1_TRG_COM_TIM11_IRQHandler            0x08009e07   Thumb Code     0  startup_stm32f4xx.o(.text)
    TIM1_UP_TIM10_IRQHandler                 0x08009e07   Thumb Code     0  startup_stm32f4xx.o(.text)
    TIM4_IRQHandler                          0x08009e07   Thumb Code     0  startup_stm32f4xx.o(.text)
    TIM5_IRQHandler                          0x08009e07   Thumb Code     0  startup_stm32f4xx.o(.text)
    TIM6_DAC_IRQHandler                      0x08009e07   Thumb Code     0  startup_stm32f4xx.o(.text)
    TIM7_IRQHandler                          0x08009e07   Thumb Code     0  startup_stm32f4xx.o(.text)
    TIM8_BRK_TIM12_IRQHandler                0x08009e07   Thumb Code     0  startup_stm32f4xx.o(.text)
    TIM8_CC_IRQHandler                       0x08009e07   Thumb Code     0  startup_stm32f4xx.o(.text)
    TIM8_TRG_COM_TIM14_IRQHandler            0x08009e07   Thumb Code     0  startup_stm32f4xx.o(.text)
    TIM8_UP_TIM13_IRQHandler                 0x08009e07   Thumb Code     0  startup_stm32f4xx.o(.text)
    UART4_IRQHandler                         0x08009e07   Thumb Code     0  startup_stm32f4xx.o(.text)
    UART5_IRQHandler                         0x08009e07   Thumb Code     0  startup_stm32f4xx.o(.text)
    USART1_IRQHandler                        0x08009e07   Thumb Code     0  startup_stm32f4xx.o(.text)
    USART6_IRQHandler                        0x08009e07   Thumb Code     0  startup_stm32f4xx.o(.text)
    WWDG_IRQHandler                          0x08009e07   Thumb Code     0  startup_stm32f4xx.o(.text)
    OS_TaskStatStkChk                        0x08009e11   Thumb Code    54  os_core.o(.text)
    OS_TaskStat                              0x08009e47   Thumb Code   144  os_core.o(.text)
    OS_TaskIdle                              0x08009f0b   Thumb Code    34  os_core.o(.text)
    OS_MemClr                                0x08009f61   Thumb Code    18  os_core.o(.text)
    OSInit                                   0x0800a081   Thumb Code    48  os_core.o(.text)
    OSIntEnter                               0x0800a0b1   Thumb Code    28  os_core.o(.text)
    OSIntExit                                0x0800a0e7   Thumb Code   112  os_core.o(.text)
    OSSchedLock                              0x0800a157   Thumb Code    50  os_core.o(.text)
    OS_Sched                                 0x0800a189   Thumb Code    88  os_core.o(.text)
    OSSchedUnlock                            0x0800a1e1   Thumb Code   238  os_core.o(.text)
    OSStart                                  0x0800a2cf   Thumb Code    48  os_core.o(.text)
    OSStatInit                               0x0800a2ff   Thumb Code    64  os_core.o(.text)
    OSTimeTick                               0x0800a33f   Thumb Code   210  os_core.o(.text)
    OSVersion                                0x0800a411   Thumb Code     6  os_core.o(.text)
    OS_Dummy                                 0x0800a417   Thumb Code     2  os_core.o(.text)
    OS_EventTaskRemove                       0x0800a419   Thumb Code    42  os_core.o(.text)
    OS_EventTaskRdy                          0x0800a443   Thumb Code   114  os_core.o(.text)
    OS_EventTaskWait                         0x0800a4b5   Thumb Code   112  os_core.o(.text)
    OS_EventWaitListInit                     0x0800a525   Thumb Code    28  os_core.o(.text)
    OS_MemCopy                               0x0800a541   Thumb Code    20  os_core.o(.text)
    OS_StrLen                                0x0800a555   Thumb Code    20  os_core.o(.text)
    OS_TCBInit                               0x0800a569   Thumb Code   292  os_core.o(.text)
    OSFlagAccept                             0x0800a6d1   Thumb Code   252  os_flag.o(.text)
    OSFlagCreate                             0x0800a7cd   Thumb Code    86  os_flag.o(.text)
    OS_FlagUnlink                            0x0800a823   Thumb Code    36  os_flag.o(.text)
    OSFlagDel                                0x0800a899   Thumb Code   214  os_flag.o(.text)
    OSFlagNameGet                            0x0800a96f   Thumb Code    80  os_flag.o(.text)
    OSFlagNameSet                            0x0800a9bf   Thumb Code    66  os_flag.o(.text)
    OSFlagPend                               0x0800aa99   Thumb Code   614  os_flag.o(.text)
    OSFlagPendGetFlagsRdy                    0x0800acff   Thumb Code    26  os_flag.o(.text)
    OSFlagPost                               0x0800ad19   Thumb Code   312  os_flag.o(.text)
    OSFlagQuery                              0x0800ae51   Thumb Code    48  os_flag.o(.text)
    OS_FlagInit                              0x0800ae81   Thumb Code    78  os_flag.o(.text)
    OSMemCreate                              0x0800aedd   Thumb Code   118  os_mem.o(.text)
    OSMemGet                                 0x0800af53   Thumb Code    62  os_mem.o(.text)
    OSMemNameGet                             0x0800af91   Thumb Code    60  os_mem.o(.text)
    OSMemNameSet                             0x0800afcd   Thumb Code    48  os_mem.o(.text)
    OSMemPut                                 0x0800affd   Thumb Code    54  os_mem.o(.text)
    OSMemQuery                               0x0800b033   Thumb Code    52  os_mem.o(.text)
    OS_MemInit                               0x0800b067   Thumb Code    74  os_mem.o(.text)
    OSQAccept                                0x0800b0c1   Thumb Code    88  os_q.o(.text)
    OSQCreate                                0x0800b119   Thumb Code   140  os_q.o(.text)
    OSQDel                                   0x0800b1a5   Thumb Code   236  os_q.o(.text)
    OSQFlush                                 0x0800b291   Thumb Code    36  os_q.o(.text)
    OSQPend                                  0x0800b2b5   Thumb Code   272  os_q.o(.text)
    OSQPendAbort                             0x0800b3c5   Thumb Code   128  os_q.o(.text)
    OSQPost                                  0x0800b445   Thumb Code   114  os_q.o(.text)
    OSQPostFront                             0x0800b4b7   Thumb Code   136  os_q.o(.text)
    OSQPostOpt                               0x0800b53f   Thumb Code   182  os_q.o(.text)
    OSQQuery                                 0x0800b5f5   Thumb Code    98  os_q.o(.text)
    OS_QInit                                 0x0800b657   Thumb Code    72  os_q.o(.text)
    OSSemAccept                              0x0800b6a9   Thumb Code    42  os_sem.o(.text)
    OSSemCreate                              0x0800b6d3   Thumb Code    68  os_sem.o(.text)
    OSSemDel                                 0x0800b717   Thumb Code   200  os_sem.o(.text)
    OSSemPend                                0x0800b7df   Thumb Code   222  os_sem.o(.text)
    OSSemPendAbort                           0x0800b8bd   Thumb Code   128  os_sem.o(.text)
    OSSemPost                                0x0800b93d   Thumb Code    88  os_sem.o(.text)
    OSSemQuery                               0x0800b995   Thumb Code    76  os_sem.o(.text)
    OSSemSet                                 0x0800b9e1   Thumb Code    66  os_sem.o(.text)
    OSTaskChangePrio                         0x0800ba35   Thumb Code   308  os_task.o(.text)
    OSTaskCreate                             0x0800bb69   Thumb Code   148  os_task.o(.text)
    OS_TaskStkClr                            0x0800bbfd   Thumb Code    26  os_task.o(.text)
    OSTaskCreateExt                          0x0800bc17   Thumb Code   170  os_task.o(.text)
    OSTaskDel                                0x0800bcc1   Thumb Code   294  os_task.o(.text)
    OSTaskDelReq                             0x0800bde7   Thumb Code   144  os_task.o(.text)
    OSTaskNameGet                            0x0800be77   Thumb Code   114  os_task.o(.text)
    OSTaskNameSet                            0x0800bee9   Thumb Code    98  os_task.o(.text)
    OSTaskResume                             0x0800bf4b   Thumb Code   154  os_task.o(.text)
    OSTaskStkChk                             0x0800bfe5   Thumb Code   128  os_task.o(.text)
    OSTaskSuspend                            0x0800c065   Thumb Code   152  os_task.o(.text)
    OSTaskQuery                              0x0800c0fd   Thumb Code    82  os_task.o(.text)
    OSTaskRegGet                             0x0800c14f   Thumb Code    60  os_task.o(.text)
    OSTaskRegSet                             0x0800c18b   Thumb Code    62  os_task.o(.text)
    OS_TaskReturn                            0x0800c1c9   Thumb Code    18  os_task.o(.text)
    OSTimeDly                                0x0800c1f5   Thumb Code   100  os_time.o(.text)
    OSTimeDlyHMSM                            0x0800c259   Thumb Code    84  os_time.o(.text)
    OSTimeDlyResume                          0x0800c2ad   Thumb Code   168  os_time.o(.text)
    OSTimeGet                                0x0800c355   Thumb Code    24  os_time.o(.text)
    OSTimeSet                                0x0800c36d   Thumb Code    24  os_time.o(.text)
    OS_CPU_SR_Save                           0x0800c3a1   Thumb Code     0  os_cpu_a.o(.text)
    OS_CPU_SR_Restore                        0x0800c3a9   Thumb Code     0  os_cpu_a.o(.text)
    OSStartHighRdy                           0x0800c3af   Thumb Code     0  os_cpu_a.o(.text)
    OSCtxSw                                  0x0800c3cf   Thumb Code     0  os_cpu_a.o(.text)
    OSIntCtxSw                               0x0800c3d9   Thumb Code     0  os_cpu_a.o(.text)
    PendSV_Handler                           0x0800c3e3   Thumb Code     0  os_cpu_a.o(.text)
    OSInitHookBegin                          0x0800c451   Thumb Code     2  os_cpu_c.o(.text)
    OSTaskReturnHook                         0x0800c453   Thumb Code     2  os_cpu_c.o(.text)
    OSInitHookEnd                            0x0800c455   Thumb Code     2  os_cpu_c.o(.text)
    OSTaskCreateHook                         0x0800c457   Thumb Code     2  os_cpu_c.o(.text)
    OSTaskDelHook                            0x0800c459   Thumb Code     2  os_cpu_c.o(.text)
    OSTaskIdleHook                           0x0800c45b   Thumb Code     2  os_cpu_c.o(.text)
    OSTaskStatHook                           0x0800c45d   Thumb Code     2  os_cpu_c.o(.text)
    OSTaskStkInit                            0x0800c45f   Thumb Code   482  os_cpu_c.o(.text)
    OSTaskSwHook                             0x0800c641   Thumb Code     2  os_cpu_c.o(.text)
    OSTCBInitHook                            0x0800c643   Thumb Code     2  os_cpu_c.o(.text)
    OSTimeTickHook                           0x0800c645   Thumb Code     2  os_cpu_c.o(.text)
    SysTick_Handler                          0x0800c647   Thumb Code    44  os_cpu_c.o(.text)
    OS_CPU_SysTickInit                       0x0800c673   Thumb Code    86  os_cpu_c.o(.text)
    __aeabi_memcpy                           0x0800c6d9   Thumb Code    36  memcpya.o(.text)
    __aeabi_memcpy4                          0x0800c6d9   Thumb Code     0  memcpya.o(.text)
    __aeabi_memcpy8                          0x0800c6d9   Thumb Code     0  memcpya.o(.text)
    __aeabi_memset                           0x0800c6fd   Thumb Code    14  memseta.o(.text)
    __aeabi_memset4                          0x0800c6fd   Thumb Code     0  memseta.o(.text)
    __aeabi_memset8                          0x0800c6fd   Thumb Code     0  memseta.o(.text)
    __aeabi_memclr                           0x0800c70b   Thumb Code     4  memseta.o(.text)
    __aeabi_memclr4                          0x0800c70b   Thumb Code     0  memseta.o(.text)
    __aeabi_memclr8                          0x0800c70b   Thumb Code     0  memseta.o(.text)
    _memset$wrapper                          0x0800c70f   Thumb Code    18  memseta.o(.text)
    strlen                                   0x0800c721   Thumb Code    14  strlen.o(.text)
    strcpy                                   0x0800c72f   Thumb Code    18  strcpy.o(.text)
    __aeabi_dmul                             0x0800c741   Thumb Code   228  dmul.o(.text)
    __aeabi_ddiv                             0x0800c825   Thumb Code   222  ddiv.o(.text)
    __aeabi_ui2d                             0x0800c903   Thumb Code    26  dfltui.o(.text)
    __aeabi_d2iz                             0x0800c91d   Thumb Code    62  dfixi.o(.text)
    __aeabi_f2d                              0x0800c95b   Thumb Code    38  f2d.o(.text)
    __aeabi_uidiv                            0x0800c981   Thumb Code     0  uidiv.o(.text)
    __aeabi_uidivmod                         0x0800c981   Thumb Code    44  uidiv.o(.text)
    __aeabi_llsr                             0x0800c9ad   Thumb Code    32  llushr.o(.text)
    _ll_ushift_r                             0x0800c9ad   Thumb Code     0  llushr.o(.text)
    __strtod_int                             0x0800ca03   Thumb Code    88  strtod.o(.text)
    __I$use$fp                               0x0800ca69   Thumb Code     0  iusefp.o(.text)
    _double_round                            0x0800ca69   Thumb Code    30  depilogue.o(.text)
    _double_epilogue                         0x0800ca87   Thumb Code   156  depilogue.o(.text)
    __scatterload                            0x0800cb25   Thumb Code    28  init.o(.text)
    __scatterload_rt2                        0x0800cb25   Thumb Code     0  init.o(.text)
    __aeabi_llsl                             0x0800cb49   Thumb Code    30  llshl.o(.text)
    _ll_shift_l                              0x0800cb49   Thumb Code     0  llshl.o(.text)
    isspace                                  0x0800cb67   Thumb Code    10  isspace_c.o(.text)
    _scanf_real                              0x0800cc71   Thumb Code     0  scanf_fp.o(.text)
    _scanf_really_real                       0x0800cc71   Thumb Code   556  scanf_fp.o(.text)
    _sgetc                                   0x0800cea9   Thumb Code    30  _sgetc.o(.text)
    _sbackspace                              0x0800cec7   Thumb Code    34  _sgetc.o(.text)
    __ctype_lookup                           0x0800cee9   Thumb Code    34  ctype_c.o(.text)
    __aeabi_ul2d                             0x0800cf11   Thumb Code    24  dfltul.o(.text)
    __aeabi_d2f                              0x0800cf29   Thumb Code    56  d2f.o(.text)
    _float_round                             0x0800cf61   Thumb Code    18  fepilogue.o(.text)
    _float_epilogue                          0x0800cf73   Thumb Code    92  fepilogue.o(.text)
    __0sprintf$3                             0x0800cfd1   Thumb Code    34  printf3.o(i.__0sprintf$3)
    __1sprintf$3                             0x0800cfd1   Thumb Code     0  printf3.o(i.__0sprintf$3)
    __2sprintf                               0x0800cfd1   Thumb Code     0  printf3.o(i.__0sprintf$3)
    __hardfp_atof                            0x0800cff9   Thumb Code    44  atof.o(i.__hardfp_atof)
    __read_errno                             0x0800d031   Thumb Code     6  errno.o(i.__read_errno)
    __scatterload_copy                       0x0800d03d   Thumb Code    14  handlers.o(i.__scatterload_copy)
    __scatterload_null                       0x0800d04b   Thumb Code     2  handlers.o(i.__scatterload_null)
    __scatterload_zeroinit                   0x0800d04d   Thumb Code    14  handlers.o(i.__scatterload_zeroinit)
    __set_errno                              0x0800d05d   Thumb Code     6  errno.o(i.__set_errno)
    _is_digit                                0x0800d069   Thumb Code    14  scanf_fp.o(i._is_digit)
    free                                     0x0800d23d   Thumb Code    76  malloc.o(i.free)
    malloc                                   0x0800d28d   Thumb Code    92  malloc.o(i.malloc)
    LED_table                                0x0800d2f8   Data          18  led8.o(.constdata)
    OSUnMapTbl                               0x0800d30a   Data         256  os_core.o(.constdata)
    __ctype_categories                       0x0800d40a   Data          64  ctype_c.o(.constdata)
    Region$$Table$$Base                      0x0800d44c   Number         0  anon$$obj.o(Region$$Table)
    Region$$Table$$Limit                     0x0800d46c   Number         0  anon$$obj.o(Region$$Table)
    RUN                                      0x20000000   Data           4  main.o(.data)
    elmomove                                 0x20000004   Data           1  main.o(.data)
    elmoback                                 0x20000005   Data           1  main.o(.data)
    elmothrow                                0x20000006   Data           1  main.o(.data)
    elmo_startps                             0x20000010   Data           4  param.o(.data)
    elmo_throw                               0x20000014   Data           4  param.o(.data)
    elmo_stop                                0x20000018   Data           4  param.o(.data)
    ErrorList                                0x2000001c   Data           8  param.o(.data)
    interface                                0x20000024   Data           1  usart2.o(.data)
    USART2_RX_STA                            0x20000025   Data           1  usart2.o(.data)
    receive                                  0x20000026   Data           1  usart2.o(.data)
    count                                    0x20000028   Data           4  key.o(.data)
    record                                   0x2000002c   Data           4  key.o(.data)
    CANList                                  0x20000030   Data           3  canctrlist.o(.data)
    CanSendCount                             0x20000033   Data           1  canctrlist.o(.data)
    Can1_Tx_NoMailBox                        0x20000034   Data           4  canctrlist.o(.data)
    Can2_Tx_NoMailBox                        0x20000038   Data           4  canctrlist.o(.data)
    Pulse_Abs                                0x2000003c   Data           4  usart3.o(.data)
    USART3_RX_STA                            0x20000040   Data           1  usart3.o(.data)
    SystemCoreClock                          0x20000054   Data           4  system_stm32f4xx.o(.data)
    AHBPrescTable                            0x20000058   Data          16  system_stm32f4xx.o(.data)
    OSCtxSwCtr                               0x20000068   Data           4  os_core.o(.data)
    OSEventFreeList                          0x2000006c   Data           4  os_core.o(.data)
    OSFlagFreeList                           0x20000070   Data           4  os_core.o(.data)
    OSCPUUsage                               0x20000074   Data           1  os_core.o(.data)
    OSIdleCtrMax                             0x20000078   Data           4  os_core.o(.data)
    OSIdleCtrRun                             0x2000007c   Data           4  os_core.o(.data)
    OSStatRdy                                0x20000080   Data           1  os_core.o(.data)
    OSIntNesting                             0x20000081   Data           1  os_core.o(.data)
    OSLockNesting                            0x20000082   Data           1  os_core.o(.data)
    OSPrioCur                                0x20000083   Data           1  os_core.o(.data)
    OSPrioHighRdy                            0x20000084   Data           1  os_core.o(.data)
    OSRdyGrp                                 0x20000085   Data           1  os_core.o(.data)
    OSRdyTbl                                 0x20000086   Data           8  os_core.o(.data)
    OSRunning                                0x2000008e   Data           1  os_core.o(.data)
    OSTaskCtr                                0x2000008f   Data           1  os_core.o(.data)
    OSIdleCtr                                0x20000090   Data           4  os_core.o(.data)
    OSTCBCur                                 0x20000094   Data           4  os_core.o(.data)
    OSTCBFreeList                            0x20000098   Data           4  os_core.o(.data)
    OSTCBHighRdy                             0x2000009c   Data           4  os_core.o(.data)
    OSTCBList                                0x200000a0   Data           4  os_core.o(.data)
    OSTickStepState                          0x200000a4   Data           1  os_core.o(.data)
    OSMemFreeList                            0x200000a8   Data           4  os_core.o(.data)
    OSQFreeList                              0x200000ac   Data           4  os_core.o(.data)
    OSTime                                   0x200000b0   Data           4  os_core.o(.data)
    tick_ms                                  0x200000b4   Data           4  os_cpu_c.o(.data)
    __microlib_freelist                      0x200000b8   Data           4  mvars.o(.data)
    __microlib_freelist_initialised          0x200000bc   Data           4  mvars.o(.data)
    start_task_stk                           0x200000d8   Data        1024  main.o(.bss)
    CAN_TASK_STK                             0x200004d8   Data         512  main.o(.bss)
    LCD_Tx_TASK_STK                          0x200006d8   Data        2048  main.o(.bss)
    LCD_Rx_TASK_STK                          0x20000ed8   Data        2048  main.o(.bss)
    FLAG_TASK_STK                            0x200016d8   Data         512  main.o(.bss)
    MOTOR_TASK_STK                           0x200018d8   Data        4096  main.o(.bss)
    SCOPE_TASK_STK                           0x200028d8   Data         512  main.o(.bss)
    ELMO_TASK_STK                            0x20002ad8   Data         512  main.o(.bss)
    ELMOMove_TASK_STK                        0x20002cd8   Data         512  main.o(.bss)
    flag                                     0x20002ed8   Data          31  param.o(.bss)
    usart1_tx                                0x20002ef7   Data          32  usart1.o(.bss)
    usart2_rx                                0x20002f17   Data          40  usart2.o(.bss)
    usart2_tx                                0x20002f3f   Data         256  usart2.o(.bss)
    str                                      0x2000303f   Data          32  usart2.o(.bss)
    MotorInstrin                             0x20003060   Data          12  motor.o(.bss)
    Motorvalue                               0x2000306c   Data          16  motor.o(.bss)
    Motorlimit                               0x2000307c   Data          20  motor.o(.bss)
    Motorargum                               0x20003090   Data          32  motor.o(.bss)
    motor                                    0x200030b0   Data        1632  motor.o(.bss)
    Limits                                   0x20003710   Data          28  elmo.o(.bss)
    Flat90                                   0x2000372c   Data          12  elmo.o(.bss)
    U10                                      0x20003738   Data          12  elmo.o(.bss)
    EC_4P_30                                 0x20003744   Data          12  elmo.o(.bss)
    Argum                                    0x20003750   Data          16  elmo.o(.bss)
    ElmoMotor                                0x20003760   Data         460  elmo.o(.bss)
    Can_Sendtruct                            0x2000392c   Data          16  canctrlist.o(.bss)
    Can_Sentqueue                            0x2000393c   Data         484  canctrlist.o(.bss)
    Can1_Sendqueue                           0x20003b20   Data         484  canctrlist.o(.bss)
    Can2_Sendqueue                           0x20003d04   Data         484  canctrlist.o(.bss)
    Can1_MesgSentList                        0x20003ee8   Data        3024  canctrlist.o(.bss)
    Can2_MesgSentList                        0x20004ab8   Data        3024  canctrlist.o(.bss)
    usart3_rx                                0x20005688   Data          10  usart3.o(.bss)
    instrin                                  0x20005694   Data          12  vesc.o(.bss)
    VESClimit                                0x200056a0   Data          24  vesc.o(.bss)
    VESCargum                                0x200056b8   Data          12  vesc.o(.bss)
    VESCmotor                                0x200056c4   Data         352  vesc.o(.bss)
    OSEventTbl                               0x20005824   Data         300  os_core.o(.bss)
    OSFlagTbl                                0x20005950   Data          80  os_core.o(.bss)
    OSTaskStatStk                            0x200059a0   Data         512  os_core.o(.bss)
    OSTaskIdleStk                            0x20005ba0   Data         512  os_core.o(.bss)
    OSTCBPrioTbl                             0x20005da0   Data         256  os_core.o(.bss)
    OSTCBTbl                                 0x20005ea0   Data        5208  os_core.o(.bss)
    OSMemTbl                                 0x200072f8   Data         120  os_core.o(.bss)
    OSQTbl                                   0x20007370   Data          96  os_core.o(.bss)
    __heap_base                              0x200073d0   Data           0  startup_stm32f4xx.o(HEAP)
    __heap_limit                             0x20009bd0   Data           0  startup_stm32f4xx.o(HEAP)
    __initial_sp                             0x20009fd0   Data           0  startup_stm32f4xx.o(STACK)



==============================================================================

Memory Map of the image

  Image Entry point : 0x08000189

  Load Region LR_IROM1 (Base: 0x08000000, Size: 0x0000d530, Max: 0x00100000, ABSOLUTE)

    Execution Region ER_IROM1 (Base: 0x08000000, Size: 0x0000d46c, Max: 0x00100000, ABSOLUTE)

    Base Addr    Size         Type   Attr      Idx    E Section Name        Object

    0x08000000   0x00000188   Data   RO         1098    RESET               startup_stm32f4xx.o
    0x08000188   0x00000000   Code   RO         1281  * .ARM.Collect$$$$00000000  mc_w.l(entry.o)
    0x08000188   0x00000004   Code   RO         1593    .ARM.Collect$$$$00000001  mc_w.l(entry2.o)
    0x0800018c   0x00000004   Code   RO         1596    .ARM.Collect$$$$00000004  mc_w.l(entry5.o)
    0x08000190   0x00000000   Code   RO         1598    .ARM.Collect$$$$00000008  mc_w.l(entry7b.o)
    0x08000190   0x00000000   Code   RO         1600    .ARM.Collect$$$$0000000A  mc_w.l(entry8b.o)
    0x08000190   0x00000008   Code   RO         1601    .ARM.Collect$$$$0000000B  mc_w.l(entry9a.o)
    0x08000198   0x00000000   Code   RO         1603    .ARM.Collect$$$$0000000D  mc_w.l(entry10a.o)
    0x08000198   0x00000000   Code   RO         1605    .ARM.Collect$$$$0000000F  mc_w.l(entry11a.o)
    0x08000198   0x00000004   Code   RO         1594    .ARM.Collect$$$$00002712  mc_w.l(entry2.o)
    0x0800019c   0x00000010   Code   RO          813    .emb_text           sys.o
    0x080001ac   0x00000068   Code   RO            4    .text               beep.o
    0x08000214   0x000004c4   Code   RO          113    .text               can1.o
    0x080006d8   0x00000044   Code   RO          188    .text               delay.o
    0x0800071c   0x00000980   Code   RO          212    .text               can2.o
    0x0800109c   0x00000090   Code   RO          238    .text               led8.o
    0x0800112c   0x000000b0   Code   RO          265    .text               led.o
    0x080011dc   0x00000528   Code   RO          289    .text               main.o
    0x08001704   0x000000c8   Code   RO          367    .text               param.o
    0x080017cc   0x00000024   Code   RO          399    .text               stm32f4xx_it.o
    0x080017f0   0x00000068   Code   RO          426    .text               tim3.o
    0x08001858   0x00000190   Code   RO          450    .text               usart1.o
    0x080019e8   0x00001f10   Code   RO          477    .text               usart2.o
    0x080038f8   0x00001510   Code   RO          508    .text               motor.o
    0x08004e08   0x0000007e   Code   RO          538    .text               pid.o
    0x08004e86   0x00000002   PAD
    0x08004e88   0x00000fd0   Code   RO          562    .text               elmo.o
    0x08005e58   0x00000438   Code   RO          592    .text               key.o
    0x08006290   0x00000580   Code   RO          619    .text               canctrlist.o
    0x08006810   0x000001bc   Code   RO          677    .text               usart3.o
    0x080069cc   0x00000068   Code   RO          708    .text               tim2.o
    0x08006a34   0x0000048c   Code   RO          732    .text               vesc.o
    0x08006ec0   0x00000458   Code   RO          814    .text               sys.o
    0x08007318   0x000000e0   Code   RO          841    .text               misc.o
    0x080073f8   0x000009f0   Code   RO          865    .text               stm32f4xx_can.o
    0x08007de8   0x000003a8   Code   RO          889    .text               stm32f4xx_dma.o
    0x08008190   0x0000011c   Code   RO          913    .text               stm32f4xx_exti.o
    0x080082ac   0x0000025c   Code   RO          937    .text               stm32f4xx_gpio.o
    0x08008508   0x00000588   Code   RO          961    .text               stm32f4xx_rcc.o
    0x08008a90   0x00000ca2   Code   RO          987    .text               stm32f4xx_tim.o
    0x08009732   0x00000002   PAD
    0x08009734   0x0000041a   Code   RO         1011    .text               stm32f4xx_usart.o
    0x08009b4e   0x00000002   PAD
    0x08009b50   0x0000008c   Code   RO         1035    .text               stm32f4xx_syscfg.o
    0x08009bdc   0x00000210   Code   RO         1059    .text               system_stm32f4xx.o
    0x08009dec   0x00000024   Code   RO         1099    .text               startup_stm32f4xx.o
    0x08009e10   0x000008c0   Code   RO         1103    .text               os_core.o
    0x0800a6d0   0x0000080c   Code   RO         1123    .text               os_flag.o
    0x0800aedc   0x000001e4   Code   RO         1147    .text               os_mem.o
    0x0800b0c0   0x000005e8   Code   RO         1171    .text               os_q.o
    0x0800b6a8   0x0000038c   Code   RO         1183    .text               os_sem.o
    0x0800ba34   0x000007c0   Code   RO         1195    .text               os_task.o
    0x0800c1f4   0x000001ac   Code   RO         1207    .text               os_time.o
    0x0800c3a0   0x000000b0   Code   RO         1225    .text               os_cpu_a.o
    0x0800c450   0x00000288   Code   RO         1231    .text               os_cpu_c.o
    0x0800c6d8   0x00000024   Code   RO         1284    .text               mc_w.l(memcpya.o)
    0x0800c6fc   0x00000024   Code   RO         1286    .text               mc_w.l(memseta.o)
    0x0800c720   0x0000000e   Code   RO         1288    .text               mc_w.l(strlen.o)
    0x0800c72e   0x00000012   Code   RO         1290    .text               mc_w.l(strcpy.o)
    0x0800c740   0x000000e4   Code   RO         1583    .text               mf_w.l(dmul.o)
    0x0800c824   0x000000de   Code   RO         1585    .text               mf_w.l(ddiv.o)
    0x0800c902   0x0000001a   Code   RO         1587    .text               mf_w.l(dfltui.o)
    0x0800c91c   0x0000003e   Code   RO         1589    .text               mf_w.l(dfixi.o)
    0x0800c95a   0x00000026   Code   RO         1591    .text               mf_w.l(f2d.o)
    0x0800c980   0x0000002c   Code   RO         1610    .text               mc_w.l(uidiv.o)
    0x0800c9ac   0x00000020   Code   RO         1614    .text               mc_w.l(llushr.o)
    0x0800c9cc   0x0000009c   Code   RO         1625    .text               mc_w.l(strtod.o)
    0x0800ca68   0x00000000   Code   RO         1627    .text               mc_w.l(iusefp.o)
    0x0800ca68   0x000000ba   Code   RO         1628    .text               mf_w.l(depilogue.o)
    0x0800cb22   0x00000002   PAD
    0x0800cb24   0x00000024   Code   RO         1636    .text               mc_w.l(init.o)
    0x0800cb48   0x0000001e   Code   RO         1639    .text               mc_w.l(llshl.o)
    0x0800cb66   0x0000000a   Code   RO         1643    .text               mc_w.l(isspace_c.o)
    0x0800cb70   0x00000338   Code   RO         1645    .text               mc_w.l(scanf_fp.o)
    0x0800cea8   0x00000040   Code   RO         1649    .text               mc_w.l(_sgetc.o)
    0x0800cee8   0x00000028   Code   RO         1652    .text               mc_w.l(ctype_c.o)
    0x0800cf10   0x00000018   Code   RO         1655    .text               mf_w.l(dfltul.o)
    0x0800cf28   0x00000038   Code   RO         1657    .text               mf_w.l(d2f.o)
    0x0800cf60   0x0000006e   Code   RO         1659    .text               mf_w.l(fepilogue.o)
    0x0800cfce   0x00000002   PAD
    0x0800cfd0   0x00000028   Code   RO         1385    i.__0sprintf$3      mc_w.l(printf3.o)
    0x0800cff8   0x00000038   Code   RO         1275    i.__hardfp_atof     m_wm.l(atof.o)
    0x0800d030   0x0000000c   Code   RO         1619    i.__read_errno      mc_w.l(errno.o)
    0x0800d03c   0x0000000e   Code   RO         1663    i.__scatterload_copy  mc_w.l(handlers.o)
    0x0800d04a   0x00000002   Code   RO         1664    i.__scatterload_null  mc_w.l(handlers.o)
    0x0800d04c   0x0000000e   Code   RO         1665    i.__scatterload_zeroinit  mc_w.l(handlers.o)
    0x0800d05a   0x00000002   PAD
    0x0800d05c   0x0000000c   Code   RO         1620    i.__set_errno       mc_w.l(errno.o)
    0x0800d068   0x0000000e   Code   RO         1647    i._is_digit         mc_w.l(scanf_fp.o)
    0x0800d076   0x00000002   PAD
    0x0800d078   0x000001b8   Code   RO         1390    i._printf_core      mc_w.l(printf3.o)
    0x0800d230   0x0000000a   Code   RO         1392    i._sputc            mc_w.l(printf3.o)
    0x0800d23a   0x00000002   PAD
    0x0800d23c   0x00000050   Code   RO         1555    i.free              mc_w.l(malloc.o)
    0x0800d28c   0x0000006c   Code   RO         1556    i.malloc            mc_w.l(malloc.o)
    0x0800d2f8   0x00000012   Data   RO          239    .constdata          led8.o
    0x0800d30a   0x00000100   Data   RO         1105    .constdata          os_core.o
    0x0800d40a   0x00000040   Data   RO         1653    .constdata          mc_w.l(ctype_c.o)
    0x0800d44a   0x00000002   PAD
    0x0800d44c   0x00000020   Data   RO         1661    Region$$Table       anon$$obj.o


    Execution Region RW_IRAM1 (Base: 0x20000000, Size: 0x00009fd0, Max: 0x00020000, ABSOLUTE)

    Base Addr    Size         Type   Attr      Idx    E Section Name        Object

    0x20000000   0x00000010   Data   RW          291    .data               main.o
    0x20000010   0x00000014   Data   RW          369    .data               param.o
    0x20000024   0x00000003   Data   RW          479    .data               usart2.o
    0x20000027   0x00000001   PAD
    0x20000028   0x00000008   Data   RW          593    .data               key.o
    0x20000030   0x0000000c   Data   RW          621    .data               canctrlist.o
    0x2000003c   0x00000005   Data   RW          679    .data               usart3.o
    0x20000041   0x00000010   Data   RW          962    .data               stm32f4xx_rcc.o
    0x20000051   0x00000003   PAD
    0x20000054   0x00000014   Data   RW         1060    .data               system_stm32f4xx.o
    0x20000068   0x0000004c   Data   RW         1106    .data               os_core.o
    0x200000b4   0x00000004   Data   RW         1232    .data               os_cpu_c.o
    0x200000b8   0x00000004   Data   RW         1616    .data               mc_w.l(mvars.o)
    0x200000bc   0x00000004   Data   RW         1617    .data               mc_w.l(mvars.o)
    0x200000c0   0x00000004   Data   RW         1621    .data               mc_w.l(errno.o)
    0x200000c4   0x00000014   Zero   RW          213    .bss                can2.o
    0x200000d8   0x00002e00   Zero   RW          290    .bss                main.o
    0x20002ed8   0x0000001f   Zero   RW          368    .bss                param.o
    0x20002ef7   0x00000020   Zero   RW          451    .bss                usart1.o
    0x20002f17   0x00000148   Zero   RW          478    .bss                usart2.o
    0x2000305f   0x00000001   PAD
    0x20003060   0x000006b0   Zero   RW          509    .bss                motor.o
    0x20003710   0x0000021c   Zero   RW          563    .bss                elmo.o
    0x2000392c   0x00001d5c   Zero   RW          620    .bss                canctrlist.o
    0x20005688   0x0000000a   Zero   RW          678    .bss                usart3.o
    0x20005692   0x00000002   PAD
    0x20005694   0x00000190   Zero   RW          733    .bss                vesc.o
    0x20005824   0x00001bac   Zero   RW         1104    .bss                os_core.o
    0x200073d0   0x00002800   Zero   RW         1097    HEAP                startup_stm32f4xx.o
    0x20009bd0   0x00000400   Zero   RW         1096    STACK               startup_stm32f4xx.o


==============================================================================

Image component sizes


      Code (inc. data)   RO Data    RW Data    ZI Data      Debug   Object Name

       104          4          0          0          0     272874   beep.o
      1220         34          0          0          0       3960   can1.o
      2432         52          0          0         20       3242   can2.o
      1408         46          0         12       7516       4963   canctrlist.o
        68          0          0          0          0       1026   delay.o
      4048         86          0          0        540       8175   elmo.o
      1080         50          0          8          0       2194   key.o
       176          4          0          0          0        928   led.o
       144         10         18          0          0       1293   led8.o
      1320        142          0         16      11776      50279   main.o
       224         20          0          0          0       1985   misc.o
      5392        114          0          0       1712       4498   motor.o
      2240        216        256         76       7084      15542   os_core.o
       176         32          0          0          0        312   os_cpu_a.o
       648         16          0          4          0      38429   os_cpu_c.o
      2060         42          0          0          0       6912   os_flag.o
       484         16          0          0          0       3132   os_mem.o
      1512         30          0          0          0       5537   os_q.o
       908         18          0          0          0       3878   os_sem.o
      1984         70          0          0          0       7565   os_task.o
       428         28          0          0          0       1806   os_time.o
       200         10          0         20         31       3908   param.o
       126          0          0          0          0       1107   pid.o
        36          8        392          0      11264        844   startup_stm32f4xx.o
      2544         38          0          0          0       8136   stm32f4xx_can.o
       936         32          0          0          0       6457   stm32f4xx_dma.o
       284         10          0          0          0       2463   stm32f4xx_exti.o
       604         36          0          0          0       4225   stm32f4xx_gpio.o
        36          0          0          0          0       1179   stm32f4xx_it.o
      1416         48          0         16          0      11151   stm32f4xx_rcc.o
       140         12          0          0          0       1747   stm32f4xx_syscfg.o
      3234         60          0          0          0      22464   stm32f4xx_tim.o
      1050         26          0          0          0       7936   stm32f4xx_usart.o
      1128         46          0          0          0       4108   sys.o
       528         46          0         20          0       1899   system_stm32f4xx.o
       104          0          0          0          0        688   tim2.o
       104          4          0          0          0        692   tim3.o
       400         26          0          0         32       1650   usart1.o
      7952        314          0          3        328       5383   usart2.o
       444         20          0          5         10       1548   usart3.o
      1164         62          0          0        400       5543   vesc.o

    ----------------------------------------------------------------------
     50492       1828        698        184      40716     531658   Object Totals
         0          0         32          0          0          0   (incl. Generated)
         6          0          0          4          3          0   (incl. Padding)

    ----------------------------------------------------------------------

      Code (inc. data)   RO Data    RW Data    ZI Data      Debug   Library Member Name

        56         12          0          0          0        132   atof.o
        64          0          0          0          0         84   _sgetc.o
        40          6         64          0          0         68   ctype_c.o
         0          0          0          0          0          0   entry.o
         0          0          0          0          0          0   entry10a.o
         0          0          0          0          0          0   entry11a.o
         8          4          0          0          0          0   entry2.o
         4          0          0          0          0          0   entry5.o
         0          0          0          0          0          0   entry7b.o
         0          0          0          0          0          0   entry8b.o
         8          4          0          0          0          0   entry9a.o
        24         12          0          4          0        136   errno.o
        30          0          0          0          0          0   handlers.o
        36          8          0          0          0         68   init.o
        10          0          0          0          0         68   isspace_c.o
         0          0          0          0          0          0   iusefp.o
        30          0          0          0          0         68   llshl.o
        32          0          0          0          0         68   llushr.o
       188         20          0          0          0        160   malloc.o
        36          0          0          0          0         68   memcpya.o
        36          0          0          0          0        108   memseta.o
         0          0          0          8          0          0   mvars.o
       490         10          0          0          0        252   printf3.o
       838         12          0          0          0        216   scanf_fp.o
        18          0          0          0          0         68   strcpy.o
        14          0          0          0          0         68   strlen.o
       156         14          0          0          0        120   strtod.o
        44          0          0          0          0         80   uidiv.o
        56          0          0          0          0         88   d2f.o
       222          0          0          0          0        100   ddiv.o
       186          0          0          0          0        176   depilogue.o
        62          0          0          0          0         80   dfixi.o
        26          0          0          0          0         76   dfltui.o
        24          0          0          0          0         76   dfltul.o
       228          0          0          0          0         96   dmul.o
        38          0          0          0          0         68   f2d.o
       110          0          0          0          0        168   fepilogue.o

    ----------------------------------------------------------------------
      3124        102         66         12          0       2760   Library Totals
        10          0          2          0          0          0   (incl. Padding)

    ----------------------------------------------------------------------

      Code (inc. data)   RO Data    RW Data    ZI Data      Debug   Library Name

        56         12          0          0          0        132   m_wm.l
      2106         90         64         12          0       1700   mc_w.l
       952          0          0          0          0        928   mf_w.l

    ----------------------------------------------------------------------
      3124        102         66         12          0       2760   Library Totals

    ----------------------------------------------------------------------

==============================================================================


      Code (inc. data)   RO Data    RW Data    ZI Data      Debug   

     53616       1930        764        196      40716     525470   Grand Totals
     53616       1930        764        196      40716     525470   ELF Image Totals
     53616       1930        764        196          0          0   ROM Totals

==============================================================================

    Total RO  Size (Code + RO Data)                54380 (  53.11kB)
    Total RW  Size (RW Data + ZI Data)             40912 (  39.95kB)
    Total ROM Size (Code + RO Data + RW Data)      54576 (  53.30kB)

==============================================================================

